2025-02-21 20:33:24,705 - Task 1 completed - Final accuracy: 80.00%
2025-02-21 21:11:10,128 - Task 1 completed - Final accuracy: 50.67%
2025-02-21 21:24:05,016 - Task 2 completed - Final accuracy: 80.00%
2025-02-21 21:36:55,939 - Task 3 completed - Final accuracy: 62.67%
2025-02-21 22:17:08,999 - Task 1 completed - Final accuracy: 70.67%
2025-02-21 22:29:45,901 - Task 2 completed - Final accuracy: 66.67%
2025-02-21 22:42:27,830 - Task 3 completed - Final accuracy: 58.67%
2025-02-21 22:55:18,777 - Task 4 completed - Final accuracy: 62.67%
2025-02-21 23:08:07,154 - Task 5 completed - Final accuracy: 69.33%
2025-02-21 23:30:26,226 - Task 1 completed - Final accuracy: 25.33%
2025-02-22 00:15:59,808 - Task 1 completed - Final accuracy: 80.00%
2025-02-22 00:17:16,144 - Task 2 completed - Final accuracy: 86.67%
2025-02-22 00:20:39,618 - Task 1 completed - Final accuracy: 88.00%
2025-02-22 00:22:01,786 - Task 2 completed - Final accuracy: 84.00%
