2025-03-13 21:30:26,743 - Task 1 completed - Final accuracy: 90.67%
